---
source: src/bin/global_retention_setter.rs
expression: result
---
Error occurred. Message: Failed to update some log group retentions: [InvalidOperationException(InvalidOperationException { message: None, meta: ErrorMetadata { code: None, message: None, extras: None } }), DataAlreadyAcceptedException(DataAlreadyAcceptedException { expected_sequence_token: None, message: None, meta: ErrorMetadata { code: None, message: None, extras: None } })]. Severity: Error
