---
source: src/bin/global_retention_setter.rs
expression: result
---
ResourceAlreadyExistsException(
    ResourceAlreadyExistsException {
        message: None,
        meta: ErrorMetadata {
            code: None,
            message: None,
            extras: None,
        },
    },
)
