---
source: src/main.rs
expression: result
---
Object {
    "message": String("Not setting retention for MyLogGroupWasCreated because tag `retention`=`Do not override please` exists on it."),
}
