---
source: src/metric_publisher.rs
expression: metrics
---
[
    MetricDatum {
        metric_name: Some(
            "Updated",
        ),
        dimensions: None,
        timestamp: None,
        value: Some(
            7.0,
        ),
        statistic_values: None,
        values: None,
        counts: None,
        unit: None,
        storage_resolution: None,
    },
    MetricDatum {
        metric_name: Some(
            "Total",
        ),
        dimensions: None,
        timestamp: None,
        value: Some(
            9.0,
        ),
        statistic_values: None,
        values: None,
        counts: None,
        unit: None,
        storage_resolution: None,
    },
]
