---
source: src/main.rs
expression: result
---
Object {
    "message": String("Retention set successfully"),
}
