---
source: src/main.rs
expression: error
---
Error {
    message: "DataAlreadyAcceptedException",
    severity: Error,
}
